Testing POST http://localhost:5000/api/price-alerts...
❌ Test Script Error: Unexpected token '<', "<!DOCTYPE "... is not valid JSON
